16:54:56 **** Clean-only build of configuration Debug for project Hello_World ****
make clean 
rm -rf  ./src/helloworld.o ./src/platform.o  ./src/helloworld.d ./src/platform.d  Hello_World.elf.size  Hello_World.elf
 
16:54:56 **** Clean-only build of project Hellow_World_bsp ****
make -k clean 
rm -rf ps7_cortexa9_0
16:54:57 **** Build of project Hellow_World_bsp ****
make -k all 
libgen -hw ../zed_hw_platform/system.xml\
	       \
	       -pe ps7_cortexa9_0 \
	       -log libgen.log \
	       system.mss
libgen
Xilinx EDK 14.5 Build EDK_P.58f
Copyright (c) 1995-2012 Xilinx, Inc.  All rights reserved.

Command Line: libgen -hw ../zed_hw_platform/system.xml -pe ps7_cortexa9_0 -log
libgen.log system.mss 

ERROR:EDK:756 - Cannot read XML file ../zed_hw_platform/system.xml
make: *** [ps7_cortexa9_0/lib/libxil.a] Segmentation fault (core dumped)
make: Target `all' not remade because of errors.
16:54:58 **** Clean-only build of configuration Debug for project Hello_World ****
make clean 
rm -rf  ./src/helloworld.o ./src/platform.o  ./src/helloworld.d ./src/platform.d  Hello_World.elf.size  Hello_World.elf
 
16:54:59 **** Build of configuration Debug for project Hello_World ****
make all 
Building file: ../src/helloworld.c
Invoking: ARM gcc compiler
arm-xilinx-eabi-gcc -Wall -O0 -g3 -c -fmessage-length=0 -I../../Hellow_World_bsp/ps7_cortexa9_0/include -MMD -MP -MF"src/helloworld.d" -MT"src/helloworld.d" -o "src/helloworld.o" "../src/helloworld.c"
../src/helloworld.c:16:25: fatal error: xparameters.h: No such file or directory
compilation terminated.
make: *** [src/helloworld.o] Error 1
16:55:18 **** Incremental Build of configuration Debug for project Hello_World ****
make all 
Building file: ../src/helloworld.c
Invoking: ARM gcc compiler
arm-xilinx-eabi-gcc -Wall -O0 -g3 -c -fmessage-length=0 -I../../Hellow_World_bsp/ps7_cortexa9_0/include -MMD -MP -MF"src/helloworld.d" -MT"src/helloworld.d" -o "src/helloworld.o" "../src/helloworld.c"
../src/helloworld.c:16:25: fatal error: xparameters.h: No such file or directory
compilation terminated.
make: *** [src/helloworld.o] Error 1
16:56:11 **** Auto Build of configuration Debug for project Hello_World ****
make all 
Building file: ../src/helloworld.c
Invoking: ARM gcc compiler
arm-xilinx-eabi-gcc -Wall -O0 -g3 -c -fmessage-length=0 -I../../Hellow_World_bsp/ps7_cortexa9_0/include -MMD -MP -MF"src/helloworld.d" -MT"src/helloworld.d" -o "src/helloworld.o" "../src/helloworld.c"
../src/helloworld.c:16:25: fatal error: xparameters.h: No such file or directory
compilation terminated.
make: *** [src/helloworld.o] Error 1
16:56:48 **** Build of project Hello_World_bsp ****
make -k all 
libgen -hw ../EDK_Projects_hw_platform/system.xml\
	       \
	       -pe ps7_cortexa9_0 \
	       -log libgen.log \
	       system.mss
libgen
Xilinx EDK 14.5 Build EDK_P.58f
Copyright (c) 1995-2012 Xilinx, Inc.  All rights reserved.

Command Line: libgen -hw ../EDK_Projects_hw_platform/system.xml -pe
ps7_cortexa9_0 -log libgen.log system.mss 


Staging source files.
Running DRCs.
Running generate.
Running post_generate.
Running include - 'gmake -s include "COMPILER=arm-xilinx-eabi-gcc"
"ARCHIVER=arm-xilinx-eabi-ar" "COMPILER_FLAGS= -O2 -c"
"EXTRA_COMPILER_FLAGS=-g"'.

Running libs - 'gmake -s libs "COMPILER=arm-xilinx-eabi-gcc"
"ARCHIVER=arm-xilinx-eabi-ar" "COMPILER_FLAGS= -O2 -c"
"EXTRA_COMPILER_FLAGS=-g"'.
Compiling common
arm-xilinx-eabi-ar: creating ../../../lib/libxil.a
Compiling xadc
Compiling standalone
Compiling gpio
Compiling devcfg
Compiling dmaps
Compiling emacps
Compiling gpiops
Compiling qspips
Compiling scugic
Compiling scutimer
Compiling scuwdt
Compiling ttcps
Compiling uartps
Compiling usbps
Compiling cpu_cortexa9
Running execs_generate.
Finished building libraries
16:57:15 **** Clean-only build of configuration Debug for project Hello_World ****
make clean 
rm -rf  ./src/helloworld.o ./src/platform.o  ./src/helloworld.d ./src/platform.d  Hello_World.elf.size  Hello_World.elf
 
16:57:15 **** Auto Build of configuration Debug for project Hello_World ****
make all 
Building file: ../src/helloworld.c
Invoking: ARM gcc compiler
arm-xilinx-eabi-gcc -Wall -O0 -g3 -c -fmessage-length=0 -I../../Hello_World_bsp/ps7_cortexa9_0/include -MMD -MP -MF"src/helloworld.d" -MT"src/helloworld.d" -o "src/helloworld.o" "../src/helloworld.c"
../src/helloworld.c: In function 'main':
../src/helloworld.c:29:30: error: 'XPAR_SWS_8BIT_DEVICE_ID' undeclared (first use in this function)
../src/helloworld.c:29:30: note: each undeclared identifier is reported only once for each function it appears in
../src/helloworld.c:30:29: error: 'XPAR_LEDS_8BIT_DEVICE_ID' undeclared (first use in this function)
make: *** [src/helloworld.o] Error 1
16:58:28 **** Auto Build of configuration Debug for project Hello_World ****
make all 
Building file: ../src/helloworld.c
Invoking: ARM gcc compiler
arm-xilinx-eabi-gcc -Wall -O0 -g3 -c -fmessage-length=0 -I../../Hello_World_bsp/ps7_cortexa9_0/include -MMD -MP -MF"src/helloworld.d" -MT"src/helloworld.d" -o "src/helloworld.o" "../src/helloworld.c"
Finished building: ../src/helloworld.c
 
Building file: ../src/platform.c
Invoking: ARM gcc compiler
arm-xilinx-eabi-gcc -Wall -O0 -g3 -c -fmessage-length=0 -I../../Hello_World_bsp/ps7_cortexa9_0/include -MMD -MP -MF"src/platform.d" -MT"src/platform.d" -o "src/platform.o" "../src/platform.c"
Finished building: ../src/platform.c
 
Building target: Hello_World.elf
Invoking: ARM gcc linker
arm-xilinx-eabi-gcc -Wl,-T -Wl,../src/lscript.ld -L../../Hello_World_bsp/ps7_cortexa9_0/lib -o "Hello_World.elf"  ./src/helloworld.o ./src/platform.o   -Wl,--start-group,-lxil,-lgcc,-lc,--end-group
Finished building target: Hello_World.elf
 
Invoking: ARM Print Size
arm-xilinx-eabi-size Hello_World.elf  |tee "Hello_World.elf.size"
   text	   data	    bss	    dec	    hex	filename
  23212	   1144	  29796	  54152	   d388	Hello_World.elf
Finished building: Hello_World.elf.size
 
17:02:22 **** Build of configuration Debug for project fsbl ****
make all 
Building file: ../src/ddr_init.c
Invoking: ARM gcc compiler
arm-xilinx-eabi-gcc -Wall -O0 -g3 -c -fmessage-length=0 -I../../Hello_World_bsp/ps7_cortexa9_0/include -MMD -MP -MF"src/ddr_init.d" -MT"src/ddr_init.d" -o "src/ddr_init.o" "../src/ddr_init.c"
Finished building: ../src/ddr_init.c
 
Building file: ../src/ff.c
Invoking: ARM gcc compiler
arm-xilinx-eabi-gcc -Wall -O0 -g3 -c -fmessage-length=0 -I../../Hello_World_bsp/ps7_cortexa9_0/include -MMD -MP -MF"src/ff.d" -MT"src/ff.d" -o "src/ff.o" "../src/ff.c"
Finished building: ../src/ff.c
 
Building file: ../src/fsbl_handoff.S
Invoking: ARM gcc compiler
arm-xilinx-eabi-gcc -Wall -O0 -g3 -c -fmessage-length=0 -I../../Hello_World_bsp/ps7_cortexa9_0/include -MMD -MP -MF"src/fsbl_handoff.d" -MT"src/fsbl_handoff.d" -o "src/fsbl_handoff.o" "../src/fsbl_handoff.S"
Finished building: ../src/fsbl_handoff.S
 
Building file: ../src/fsbl_hooks.c
Invoking: ARM gcc compiler
arm-xilinx-eabi-gcc -Wall -O0 -g3 -c -fmessage-length=0 -I../../Hello_World_bsp/ps7_cortexa9_0/include -MMD -MP -MF"src/fsbl_hooks.d" -MT"src/fsbl_hooks.d" -o "src/fsbl_hooks.o" "../src/fsbl_hooks.c"
Finished building: ../src/fsbl_hooks.c
 
Building file: ../src/image_mover.c
Invoking: ARM gcc compiler
arm-xilinx-eabi-gcc -Wall -O0 -g3 -c -fmessage-length=0 -I../../Hello_World_bsp/ps7_cortexa9_0/include -MMD -MP -MF"src/image_mover.d" -MT"src/image_mover.d" -o "src/image_mover.o" "../src/image_mover.c"
Finished building: ../src/image_mover.c
 
Building file: ../src/main.c
Invoking: ARM gcc compiler
arm-xilinx-eabi-gcc -Wall -O0 -g3 -c -fmessage-length=0 -I../../Hello_World_bsp/ps7_cortexa9_0/include -MMD -MP -MF"src/main.d" -MT"src/main.d" -o "src/main.o" "../src/main.c"
Finished building: ../src/main.c
 
Building file: ../src/mmc.c
Invoking: ARM gcc compiler
arm-xilinx-eabi-gcc -Wall -O0 -g3 -c -fmessage-length=0 -I../../Hello_World_bsp/ps7_cortexa9_0/include -MMD -MP -MF"src/mmc.d" -MT"src/mmc.d" -o "src/mmc.o" "../src/mmc.c"
Finished building: ../src/mmc.c
 
Building file: ../src/nand.c
Invoking: ARM gcc compiler
arm-xilinx-eabi-gcc -Wall -O0 -g3 -c -fmessage-length=0 -I../../Hello_World_bsp/ps7_cortexa9_0/include -MMD -MP -MF"src/nand.d" -MT"src/nand.d" -o "src/nand.o" "../src/nand.c"
Finished building: ../src/nand.c
 
Building file: ../src/nor.c
Invoking: ARM gcc compiler
arm-xilinx-eabi-gcc -Wall -O0 -g3 -c -fmessage-length=0 -I../../Hello_World_bsp/ps7_cortexa9_0/include -MMD -MP -MF"src/nor.d" -MT"src/nor.d" -o "src/nor.o" "../src/nor.c"
Finished building: ../src/nor.c
 
Building file: ../src/pcap.c
Invoking: ARM gcc compiler
arm-xilinx-eabi-gcc -Wall -O0 -g3 -c -fmessage-length=0 -I../../Hello_World_bsp/ps7_cortexa9_0/include -MMD -MP -MF"src/pcap.d" -MT"src/pcap.d" -o "src/pcap.o" "../src/pcap.c"
Finished building: ../src/pcap.c
 
Building file: ../src/ps7_init.c
Invoking: ARM gcc compiler
arm-xilinx-eabi-gcc -Wall -O0 -g3 -c -fmessage-length=0 -I../../Hello_World_bsp/ps7_cortexa9_0/include -MMD -MP -MF"src/ps7_init.d" -MT"src/ps7_init.d" -o "src/ps7_init.o" "../src/ps7_init.c"
Finished building: ../src/ps7_init.c
 
Building file: ../src/qspi.c
Invoking: ARM gcc compiler
arm-xilinx-eabi-gcc -Wall -O0 -g3 -c -fmessage-length=0 -I../../Hello_World_bsp/ps7_cortexa9_0/include -MMD -MP -MF"src/qspi.d" -MT"src/qspi.d" -o "src/qspi.o" "../src/qspi.c"
Finished building: ../src/qspi.c
 
Building file: ../src/rsa.c
Invoking: ARM gcc compiler
arm-xilinx-eabi-gcc -Wall -O0 -g3 -c -fmessage-length=0 -I../../Hello_World_bsp/ps7_cortexa9_0/include -MMD -MP -MF"src/rsa.d" -MT"src/rsa.d" -o "src/rsa.o" "../src/rsa.c"
Finished building: ../src/rsa.c
 
Building file: ../src/sd.c
Invoking: ARM gcc compiler
arm-xilinx-eabi-gcc -Wall -O0 -g3 -c -fmessage-length=0 -I../../Hello_World_bsp/ps7_cortexa9_0/include -MMD -MP -MF"src/sd.d" -MT"src/sd.d" -o "src/sd.o" "../src/sd.c"
Finished building: ../src/sd.c
 
Building target: fsbl.elf
Invoking: ARM gcc linker
arm-xilinx-eabi-gcc -L"/afs/tu-berlin.de/home/a/avaccari/irb-ubuntu/AEP-Tutorial/Tutorial_1/ZedBoard/workspace/fsbl/src" -Wl,-T -Wl,../src/lscript.ld -L../../Hello_World_bsp/ps7_cortexa9_0/lib -o "fsbl.elf"  ./src/ddr_init.o ./src/ff.o ./src/fsbl_handoff.o ./src/fsbl_hooks.o ./src/image_mover.o ./src/main.o ./src/mmc.o ./src/nand.o ./src/nor.o ./src/pcap.o ./src/ps7_init.o ./src/qspi.o ./src/rsa.o ./src/sd.o   -lrsa -Wl,--start-group,-lxil,-lgcc,-lc,--end-group
Finished building target: fsbl.elf
 
Invoking: ARM Print Size
arm-xilinx-eabi-size fsbl.elf  |tee "fsbl.elf.size"
   text	   data	    bss	    dec	    hex	filename
  49376	  10968	  64160	 124504	  1e658	fsbl.elf
Finished building: fsbl.elf.size
 
17:04:21 **** Auto Build of configuration Debug for project Hello_World ****
make all 
make: Nothing to be done for `all'.
17:16:02 **** Build of project Interrupt_Handler_bsp ****
make -k all 
libgen -hw ../EDK_Projects_hw_platform/system.xml\
	       \
	       -pe ps7_cortexa9_0 \
	       -log libgen.log \
	       system.mss
libgen
Xilinx EDK 14.5 Build EDK_P.58f
Copyright (c) 1995-2012 Xilinx, Inc.  All rights reserved.

Command Line: libgen -hw ../EDK_Projects_hw_platform/system.xml -pe
ps7_cortexa9_0 -log libgen.log system.mss 


Staging source files.
Running DRCs.
Running generate.
Running post_generate.
Running include - 'gmake -s include "COMPILER=arm-xilinx-eabi-gcc"
"ARCHIVER=arm-xilinx-eabi-ar" "COMPILER_FLAGS= -O2 -c"
"EXTRA_COMPILER_FLAGS=-g"'.

Running libs - 'gmake -s libs "COMPILER=arm-xilinx-eabi-gcc"
"ARCHIVER=arm-xilinx-eabi-ar" "COMPILER_FLAGS= -O2 -c"
"EXTRA_COMPILER_FLAGS=-g"'.
Compiling common
arm-xilinx-eabi-ar: creating ../../../lib/libxil.a
Compiling xadc
Compiling standalone
Compiling gpio
Compiling devcfg
Compiling dmaps
Compiling emacps
Compiling gpiops
Compiling qspips
Compiling scugic
Compiling scutimer
Compiling scuwdt
Compiling ttcps
Compiling uartps
Compiling usbps
Compiling cpu_cortexa9
Running execs_generate.
Finished building libraries
17:16:23 **** Build of configuration Debug for project Interrupt_Handler ****
make all 
Building file: ../src/helloworld.c
Invoking: ARM gcc compiler
arm-xilinx-eabi-gcc -Wall -O0 -g3 -c -fmessage-length=0 -I../../Interrupt_Handler_bsp/ps7_cortexa9_0/include -MMD -MP -MF"src/helloworld.d" -MT"src/helloworld.d" -o "src/helloworld.o" "../src/helloworld.c"
Finished building: ../src/helloworld.c
 
Building file: ../src/platform.c
Invoking: ARM gcc compiler
arm-xilinx-eabi-gcc -Wall -O0 -g3 -c -fmessage-length=0 -I../../Interrupt_Handler_bsp/ps7_cortexa9_0/include -MMD -MP -MF"src/platform.d" -MT"src/platform.d" -o "src/platform.o" "../src/platform.c"
Finished building: ../src/platform.c
 
Building target: Interrupt_Handler.elf
Invoking: ARM gcc linker
arm-xilinx-eabi-gcc -Wl,-T -Wl,../src/lscript.ld -L../../Interrupt_Handler_bsp/ps7_cortexa9_0/lib -o "Interrupt_Handler.elf"  ./src/helloworld.o ./src/platform.o   -Wl,--start-group,-lxil,-lgcc,-lc,--end-group
Finished building target: Interrupt_Handler.elf
 
Invoking: ARM Print Size
arm-xilinx-eabi-size Interrupt_Handler.elf  |tee "Interrupt_Handler.elf.size"
   text	   data	    bss	    dec	    hex	filename
  22056	   1096	  29780	  52932	   cec4	Interrupt_Handler.elf
Finished building: Interrupt_Handler.elf.size
 
17:16:33 **** Clean-only build of configuration Debug for project Interrupt_Handler ****
make clean 
rm -rf  ./src/helloworld.o ./src/platform.o  ./src/helloworld.d ./src/platform.d  Interrupt_Handler.elf.size  Interrupt_Handler.elf
 
17:16:33 **** Auto Build of configuration Debug for project Interrupt_Handler ****
make all 
Building file: ../src/interrupt_handler.c
Invoking: ARM gcc compiler
arm-xilinx-eabi-gcc -Wall -O0 -g3 -c -fmessage-length=0 -I../../Interrupt_Handler_bsp/ps7_cortexa9_0/include -MMD -MP -MF"src/interrupt_handler.d" -MT"src/interrupt_handler.d" -o "src/interrupt_handler.o" "../src/interrupt_handler.c"
Finished building: ../src/interrupt_handler.c
 
Building file: ../src/platform.c
Invoking: ARM gcc compiler
arm-xilinx-eabi-gcc -Wall -O0 -g3 -c -fmessage-length=0 -I../../Interrupt_Handler_bsp/ps7_cortexa9_0/include -MMD -MP -MF"src/platform.d" -MT"src/platform.d" -o "src/platform.o" "../src/platform.c"
Finished building: ../src/platform.c
 
Building target: Interrupt_Handler.elf
Invoking: ARM gcc linker
arm-xilinx-eabi-gcc -Wl,-T -Wl,../src/lscript.ld -L../../Interrupt_Handler_bsp/ps7_cortexa9_0/lib -o "Interrupt_Handler.elf"  ./src/interrupt_handler.o ./src/platform.o   -Wl,--start-group,-lxil,-lgcc,-lc,--end-group
Finished building target: Interrupt_Handler.elf
 
Invoking: ARM Print Size
arm-xilinx-eabi-size Interrupt_Handler.elf  |tee "Interrupt_Handler.elf.size"
   text	   data	    bss	    dec	    hex	filename
  22056	   1096	  29780	  52932	   cec4	Interrupt_Handler.elf
Finished building: Interrupt_Handler.elf.size
 
17:35:06 **** Auto Build of configuration Debug for project Interrupt_Handler ****
make all 
Building file: ../src/interrupt_handler.c
Invoking: ARM gcc compiler
arm-xilinx-eabi-gcc -Wall -O0 -g3 -c -fmessage-length=0 -I../../Interrupt_Handler_bsp/ps7_cortexa9_0/include -MMD -MP -MF"src/interrupt_handler.d" -MT"src/interrupt_handler.d" -o "src/interrupt_handler.o" "../src/interrupt_handler.c"
Finished building: ../src/interrupt_handler.c
 
Building target: Interrupt_Handler.elf
Invoking: ARM gcc linker
arm-xilinx-eabi-gcc -Wl,-T -Wl,../src/lscript.ld -L../../Interrupt_Handler_bsp/ps7_cortexa9_0/lib -o "Interrupt_Handler.elf"  ./src/interrupt_handler.o ./src/platform.o   -Wl,--start-group,-lxil,-lgcc,-lc,--end-group
Finished building target: Interrupt_Handler.elf
 
Invoking: ARM Print Size
arm-xilinx-eabi-size Interrupt_Handler.elf  |tee "Interrupt_Handler.elf.size"
   text	   data	    bss	    dec	    hex	filename
  29916	   1920	  29796	  61632	   f0c0	Interrupt_Handler.elf
Finished building: Interrupt_Handler.elf.size
 
17:35:28 **** Auto Build of configuration Debug for project Interrupt_Handler ****
make all 
Building file: ../src/interrupt_handler.c
Invoking: ARM gcc compiler
arm-xilinx-eabi-gcc -Wall -O0 -g3 -c -fmessage-length=0 -I../../Interrupt_Handler_bsp/ps7_cortexa9_0/include -MMD -MP -MF"src/interrupt_handler.d" -MT"src/interrupt_handler.d" -o "src/interrupt_handler.o" "../src/interrupt_handler.c"
Finished building: ../src/interrupt_handler.c
 
Building target: Interrupt_Handler.elf
Invoking: ARM gcc linker
arm-xilinx-eabi-gcc -Wl,-T -Wl,../src/lscript.ld -L../../Interrupt_Handler_bsp/ps7_cortexa9_0/lib -o "Interrupt_Handler.elf"  ./src/interrupt_handler.o ./src/platform.o   -Wl,--start-group,-lxil,-lgcc,-lc,--end-group
Finished building target: Interrupt_Handler.elf
 
Invoking: ARM Print Size
arm-xilinx-eabi-size Interrupt_Handler.elf  |tee "Interrupt_Handler.elf.size"
   text	   data	    bss	    dec	    hex	filename
  29916	   1920	  29796	  61632	   f0c0	Interrupt_Handler.elf
Finished building: Interrupt_Handler.elf.size
 
17:36:30 **** Build of configuration Debug for project fsbl_interrupt ****
make all 
Building file: ../src/ddr_init.c
Invoking: ARM gcc compiler
arm-xilinx-eabi-gcc -Wall -O0 -g3 -c -fmessage-length=0 -I../../Interrupt_Handler_bsp/ps7_cortexa9_0/include -MMD -MP -MF"src/ddr_init.d" -MT"src/ddr_init.d" -o "src/ddr_init.o" "../src/ddr_init.c"
Finished building: ../src/ddr_init.c
 
Building file: ../src/ff.c
Invoking: ARM gcc compiler
arm-xilinx-eabi-gcc -Wall -O0 -g3 -c -fmessage-length=0 -I../../Interrupt_Handler_bsp/ps7_cortexa9_0/include -MMD -MP -MF"src/ff.d" -MT"src/ff.d" -o "src/ff.o" "../src/ff.c"
Finished building: ../src/ff.c
 
Building file: ../src/fsbl_handoff.S
Invoking: ARM gcc compiler
arm-xilinx-eabi-gcc -Wall -O0 -g3 -c -fmessage-length=0 -I../../Interrupt_Handler_bsp/ps7_cortexa9_0/include -MMD -MP -MF"src/fsbl_handoff.d" -MT"src/fsbl_handoff.d" -o "src/fsbl_handoff.o" "../src/fsbl_handoff.S"
Finished building: ../src/fsbl_handoff.S
 
Building file: ../src/fsbl_hooks.c
Invoking: ARM gcc compiler
arm-xilinx-eabi-gcc -Wall -O0 -g3 -c -fmessage-length=0 -I../../Interrupt_Handler_bsp/ps7_cortexa9_0/include -MMD -MP -MF"src/fsbl_hooks.d" -MT"src/fsbl_hooks.d" -o "src/fsbl_hooks.o" "../src/fsbl_hooks.c"
Finished building: ../src/fsbl_hooks.c
 
Building file: ../src/image_mover.c
Invoking: ARM gcc compiler
arm-xilinx-eabi-gcc -Wall -O0 -g3 -c -fmessage-length=0 -I../../Interrupt_Handler_bsp/ps7_cortexa9_0/include -MMD -MP -MF"src/image_mover.d" -MT"src/image_mover.d" -o "src/image_mover.o" "../src/image_mover.c"
Finished building: ../src/image_mover.c
 
Building file: ../src/main.c
Invoking: ARM gcc compiler
arm-xilinx-eabi-gcc -Wall -O0 -g3 -c -fmessage-length=0 -I../../Interrupt_Handler_bsp/ps7_cortexa9_0/include -MMD -MP -MF"src/main.d" -MT"src/main.d" -o "src/main.o" "../src/main.c"
Finished building: ../src/main.c
 
Building file: ../src/mmc.c
Invoking: ARM gcc compiler
arm-xilinx-eabi-gcc -Wall -O0 -g3 -c -fmessage-length=0 -I../../Interrupt_Handler_bsp/ps7_cortexa9_0/include -MMD -MP -MF"src/mmc.d" -MT"src/mmc.d" -o "src/mmc.o" "../src/mmc.c"
Finished building: ../src/mmc.c
 
Building file: ../src/nand.c
Invoking: ARM gcc compiler
arm-xilinx-eabi-gcc -Wall -O0 -g3 -c -fmessage-length=0 -I../../Interrupt_Handler_bsp/ps7_cortexa9_0/include -MMD -MP -MF"src/nand.d" -MT"src/nand.d" -o "src/nand.o" "../src/nand.c"
Finished building: ../src/nand.c
 
Building file: ../src/nor.c
Invoking: ARM gcc compiler
arm-xilinx-eabi-gcc -Wall -O0 -g3 -c -fmessage-length=0 -I../../Interrupt_Handler_bsp/ps7_cortexa9_0/include -MMD -MP -MF"src/nor.d" -MT"src/nor.d" -o "src/nor.o" "../src/nor.c"
Finished building: ../src/nor.c
 
Building file: ../src/pcap.c
Invoking: ARM gcc compiler
arm-xilinx-eabi-gcc -Wall -O0 -g3 -c -fmessage-length=0 -I../../Interrupt_Handler_bsp/ps7_cortexa9_0/include -MMD -MP -MF"src/pcap.d" -MT"src/pcap.d" -o "src/pcap.o" "../src/pcap.c"
Finished building: ../src/pcap.c
 
Building file: ../src/ps7_init.c
Invoking: ARM gcc compiler
arm-xilinx-eabi-gcc -Wall -O0 -g3 -c -fmessage-length=0 -I../../Interrupt_Handler_bsp/ps7_cortexa9_0/include -MMD -MP -MF"src/ps7_init.d" -MT"src/ps7_init.d" -o "src/ps7_init.o" "../src/ps7_init.c"
Finished building: ../src/ps7_init.c
 
Building file: ../src/qspi.c
Invoking: ARM gcc compiler
arm-xilinx-eabi-gcc -Wall -O0 -g3 -c -fmessage-length=0 -I../../Interrupt_Handler_bsp/ps7_cortexa9_0/include -MMD -MP -MF"src/qspi.d" -MT"src/qspi.d" -o "src/qspi.o" "../src/qspi.c"
Finished building: ../src/qspi.c
 
Building file: ../src/rsa.c
Invoking: ARM gcc compiler
arm-xilinx-eabi-gcc -Wall -O0 -g3 -c -fmessage-length=0 -I../../Interrupt_Handler_bsp/ps7_cortexa9_0/include -MMD -MP -MF"src/rsa.d" -MT"src/rsa.d" -o "src/rsa.o" "../src/rsa.c"
Finished building: ../src/rsa.c
 
Building file: ../src/sd.c
Invoking: ARM gcc compiler
arm-xilinx-eabi-gcc -Wall -O0 -g3 -c -fmessage-length=0 -I../../Interrupt_Handler_bsp/ps7_cortexa9_0/include -MMD -MP -MF"src/sd.d" -MT"src/sd.d" -o "src/sd.o" "../src/sd.c"
Finished building: ../src/sd.c
 
Building target: fsbl_interrupt.elf
Invoking: ARM gcc linker
arm-xilinx-eabi-gcc -L"/afs/tu-berlin.de/home/a/avaccari/irb-ubuntu/AEP-Tutorial/Tutorial_1/ZedBoard/workspace/fsbl_interrupt/src" -Wl,-T -Wl,../src/lscript.ld -L../../Interrupt_Handler_bsp/ps7_cortexa9_0/lib -o "fsbl_interrupt.elf"  ./src/ddr_init.o ./src/ff.o ./src/fsbl_handoff.o ./src/fsbl_hooks.o ./src/image_mover.o ./src/main.o ./src/mmc.o ./src/nand.o ./src/nor.o ./src/pcap.o ./src/ps7_init.o ./src/qspi.o ./src/rsa.o ./src/sd.o   -lrsa -Wl,--start-group,-lxil,-lgcc,-lc,--end-group
Finished building target: fsbl_interrupt.elf
 
Invoking: ARM Print Size
arm-xilinx-eabi-size fsbl_interrupt.elf  |tee "fsbl_interrupt.elf.size"
   text	   data	    bss	    dec	    hex	filename
  49376	  10968	  64160	 124504	  1e658	fsbl_interrupt.elf
Finished building: fsbl_interrupt.elf.size
 
17:36:50 **** Auto Build of configuration Debug for project Interrupt_Handler ****
make all 
make: Nothing to be done for `all'.
17:42:24 **** Auto Build of configuration Debug for project Interrupt_Handler ****
make all 
Building file: ../src/interrupt_handler.c
Invoking: ARM gcc compiler
arm-xilinx-eabi-gcc -Wall -O0 -g3 -c -fmessage-length=0 -I../../Interrupt_Handler_bsp/ps7_cortexa9_0/include -MMD -MP -MF"src/interrupt_handler.d" -MT"src/interrupt_handler.d" -o "src/interrupt_handler.o" "../src/interrupt_handler.c"
Finished building: ../src/interrupt_handler.c
 
Building target: Interrupt_Handler.elf
Invoking: ARM gcc linker
arm-xilinx-eabi-gcc -Wl,-T -Wl,../src/lscript.ld -L../../Interrupt_Handler_bsp/ps7_cortexa9_0/lib -o "Interrupt_Handler.elf"  ./src/interrupt_handler.o ./src/platform.o   -Wl,--start-group,-lxil,-lgcc,-lc,--end-group
Finished building target: Interrupt_Handler.elf
 
Invoking: ARM Print Size
arm-xilinx-eabi-size Interrupt_Handler.elf  |tee "Interrupt_Handler.elf.size"
   text	   data	    bss	    dec	    hex	filename
  29916	   1920	  29796	  61632	   f0c0	Interrupt_Handler.elf
Finished building: Interrupt_Handler.elf.size
 
